[st.ourhtmldemo.com/new/Ecogreen_Template/index.html]
[backblue.gif]
[fade.gif]
[index.html]
[st.ourhtmldemo.com/new/Ecogreen_Template/css/style.css]
[st.ourhtmldemo.com/new/Ecogreen_Template/css/responsive.css]
[st.ourhtmldemo.com/new/Ecogreen_Template/images/fav-icon/apple-touch-icon.png]
[st.ourhtmldemo.com/new/Ecogreen_Template/images/fav-icon/favicon-32x32.png]
[st.ourhtmldemo.com/new/Ecogreen_Template/images/fav-icon/favicon-16x16.png]
[st.ourhtmldemo.com/new/Ecogreen_Template/index-2.html]
[st.ourhtmldemo.com/new/Ecogreen_Template/images/logo/logo.png]
[st.ourhtmldemo.com/new/Ecogreen_Template/service.html]
[st.ourhtmldemo.com/new/Ecogreen_Template/recycling.html]
[st.ourhtmldemo.com/new/Ecogreen_Template/Eco-System.html]
[st.ourhtmldemo.com/new/Ecogreen_Template/Save-Water.html]
[st.ourhtmldemo.com/new/Ecogreen_Template/Save-Animals.html]
[st.ourhtmldemo.com/new/Ecogreen_Template/Organic-Living.html]
[st.ourhtmldemo.com/new/Ecogreen_Template/Good-Nature.html]
[st.ourhtmldemo.com/new/Ecogreen_Template/about.html]
[st.ourhtmldemo.com/new/Ecogreen_Template/Campaign-Grid-View.html]
[st.ourhtmldemo.com/new/Ecogreen_Template/Campaign-List-View.html]
[st.ourhtmldemo.com/new/Ecogreen_Template/Events.html]
[st.ourhtmldemo.com/new/Ecogreen_Template/testimonial.html]
[st.ourhtmldemo.com/new/Ecogreen_Template/faq.html]
[st.ourhtmldemo.com/new/Ecogreen_Template/error.html]
[st.ourhtmldemo.com/new/Ecogreen_Template/blog-1.html]
[st.ourhtmldemo.com/new/Ecogreen_Template/blog-large.html]
[st.ourhtmldemo.com/new/Ecogreen_Template/blog-details.html]
[st.ourhtmldemo.com/new/Ecogreen_Template/gallery-1.html]
[st.ourhtmldemo.com/new/Ecogreen_Template/gallery-3.html]
[st.ourhtmldemo.com/new/Ecogreen_Template/single-gallery.html]
[st.ourhtmldemo.com/new/Ecogreen_Template/shop.html]
[st.ourhtmldemo.com/new/Ecogreen_Template/shop-single.html]
[st.ourhtmldemo.com/new/Ecogreen_Template/shop-cart.html]
[st.ourhtmldemo.com/new/Ecogreen_Template/checkout.html]
[st.ourhtmldemo.com/new/Ecogreen_Template/account.html]
[st.ourhtmldemo.com/new/Ecogreen_Template/contact.html]
[st.ourhtmldemo.com/new/Ecogreen_Template/images/slider/1.jpg]
[st.ourhtmldemo.com/new/Ecogreen_Template/images/slider/2.jpg]
[st.ourhtmldemo.com/new/Ecogreen_Template/images/slider/3.jpg]
[st.ourhtmldemo.com/new/Ecogreen_Template/images/background/5.jpg]
[st.ourhtmldemo.com/new/Ecogreen_Template/images/resource/8.jpg]
[st.ourhtmldemo.com/new/Ecogreen_Template/images/background/8.jpg]
[st.ourhtmldemo.com/new/Ecogreen_Template/images/project/1.jpg]
[st.ourhtmldemo.com/new/Ecogreen_Template/images/project/2.jpg]
[st.ourhtmldemo.com/new/Ecogreen_Template/images/project/3.jpg]
[st.ourhtmldemo.com/new/Ecogreen_Template/images/project/4.jpg]
[st.ourhtmldemo.com/new/Ecogreen_Template/images/resource/9.jpg]
[st.ourhtmldemo.com/new/Ecogreen_Template/images/resource/10.jpg]
[st.ourhtmldemo.com/new/Ecogreen_Template/images/resource/11.jpg]
[st.ourhtmldemo.com/new/Ecogreen_Template/images/background/3.jpg]
[st.ourhtmldemo.com/new/Ecogreen_Template/single-event.html]
[st.ourhtmldemo.com/new/Ecogreen_Template/images/resource/1.jpg]
[st.ourhtmldemo.com/new/Ecogreen_Template/images/resource/2.jpg]
[st.ourhtmldemo.com/new/Ecogreen_Template/images/resource/3.jpg]
[st.ourhtmldemo.com/new/Ecogreen_Template/images/blog/1.jpg]
[st.ourhtmldemo.com/new/Ecogreen_Template/images/blog/2.jpg]
[st.ourhtmldemo.com/new/Ecogreen_Template/images/blog/3.jpg]
[st.ourhtmldemo.com/new/Ecogreen_Template/images/blog/4.jpg]
[st.ourhtmldemo.com/new/Ecogreen_Template/images/clients/1.jpg]
[st.ourhtmldemo.com/new/Ecogreen_Template/images/clients/2.jpg]
[st.ourhtmldemo.com/new/Ecogreen_Template/images/clients/3.jpg]
[st.ourhtmldemo.com/new/Ecogreen_Template/images/clients/4.jpg]
[st.ourhtmldemo.com/new/Ecogreen_Template/images/clients/5.jpg]
[st.ourhtmldemo.com/new/Ecogreen_Template/images/logo/logo2.png]
[st.ourhtmldemo.com/new/Ecogreen_Template/images/blog/thumb1.jpg]
[st.ourhtmldemo.com/new/Ecogreen_Template/images/blog/thumb2.jpg]
[st.ourhtmldemo.com/new/Ecogreen_Template/js/menu.js]
[st.ourhtmldemo.com/new/Ecogreen_Template/js/bootstrap.min.js]
[st.ourhtmldemo.com/new/Ecogreen_Template/js/owl.carousel.min.js]
[st.ourhtmldemo.com/new/Ecogreen_Template/js/jquery.mixitup.min.js]
[st.ourhtmldemo.com/new/Ecogreen_Template/js/jquery.fancybox.pack.js]
[st.ourhtmldemo.com/new/Ecogreen_Template/js/imagezoom.js]
[st.ourhtmldemo.com/new/Ecogreen_Template/js/jquery.magnific-popup.min.js]
[st.ourhtmldemo.com/new/Ecogreen_Template/js/jquery.polyglot.language.switcher.js]
[st.ourhtmldemo.com/new/Ecogreen_Template/js/jquery.appear.js]
[st.ourhtmldemo.com/new/Ecogreen_Template/js/jquery.js]
[st.ourhtmldemo.com/new/Ecogreen_Template/js/jquery.countTo.js]
[st.ourhtmldemo.com/new/Ecogreen_Template/js/validation.js]
[st.ourhtmldemo.com/new/Ecogreen_Template/js/wow.js]
[st.ourhtmldemo.com/new/Ecogreen_Template/js/jquery.fitvids.js]
[st.ourhtmldemo.com/new/Ecogreen_Template/js/nouislider.js]
[st.ourhtmldemo.com/new/Ecogreen_Template/js/isotope.js]
[st.ourhtmldemo.com/new/Ecogreen_Template/js/pie-chart.js]
[st.ourhtmldemo.com/new/Ecogreen_Template/js/rev-slider/revolution.extension.actions.min.js]
[st.ourhtmldemo.com/new/Ecogreen_Template/js/rev-slider/jquery.themepunch.revolution.min.js]
[st.ourhtmldemo.com/new/Ecogreen_Template/js/rev-slider/jquery.themepunch.tools.min.js]
[st.ourhtmldemo.com/new/Ecogreen_Template/js/rev-slider/revolution.extension.carousel.min.js]
[st.ourhtmldemo.com/new/Ecogreen_Template/js/rev-slider/revolution.extension.kenburn.min.js]
[st.ourhtmldemo.com/new/Ecogreen_Template/js/rev-slider/revolution.extension.layeranimation.min.js]
[st.ourhtmldemo.com/new/Ecogreen_Template/js/rev-slider/revolution.extension.migration.min.js]
[st.ourhtmldemo.com/new/Ecogreen_Template/js/rev-slider/revolution.extension.navigation.min.js]
[st.ourhtmldemo.com/new/Ecogreen_Template/js/rev-slider/revolution.extension.parallax.min.js]
[st.ourhtmldemo.com/new/Ecogreen_Template/js/rev-slider/revolution.extension.slideanims.min.js]
[st.ourhtmldemo.com/new/Ecogreen_Template/js/rev-slider/revolution.extension.video.min.js]
[st.ourhtmldemo.com/new/Ecogreen_Template/js/custom.js]
[st.ourhtmldemo.com/new/Ecogreen_Template/index.html]
[st.ourhtmldemo.com/new/Ecogreen_Template/css/bootstrap.min.css]
[st.ourhtmldemo.com/new/Ecogreen_Template/css/bootstrap-select.min.css]
[st.ourhtmldemo.com/new/Ecogreen_Template/css/jquery.bootstrap-touchspin.css]
[st.ourhtmldemo.com/new/Ecogreen_Template/css/font-awesome.css]
[st.ourhtmldemo.com/new/Ecogreen_Template/css/icomoon.css]
[st.ourhtmldemo.com/new/Ecogreen_Template/css/settings.css]
[st.ourhtmldemo.com/new/Ecogreen_Template/css/layers.css]
[st.ourhtmldemo.com/new/Ecogreen_Template/css/navigation.css]
[st.ourhtmldemo.com/new/Ecogreen_Template/css/owl.carousel.css]
[st.ourhtmldemo.com/new/Ecogreen_Template/css/jquery.bxslider.css]
[st.ourhtmldemo.com/new/Ecogreen_Template/css/flexslider.css]
[st.ourhtmldemo.com/new/Ecogreen_Template/css/jquery-ui.css]
[st.ourhtmldemo.com/new/Ecogreen_Template/css/jquery-ui.theme.css]
[st.ourhtmldemo.com/new/Ecogreen_Template/css/jquery.fancybox.css]
[st.ourhtmldemo.com/new/Ecogreen_Template/css/polyglot-language-switcher.css]
[st.ourhtmldemo.com/new/Ecogreen_Template/css/animate.min.css]
[st.ourhtmldemo.com/new/Ecogreen_Template/css/nouislider.css]
[st.ourhtmldemo.com/new/Ecogreen_Template/css/nouislider.pips.css]
[st.ourhtmldemo.com/new/Ecogreen_Template/css/menu.css]
[st.ourhtmldemo.com/new/Ecogreen_Template/css/magnific-popup.css]
[st.ourhtmldemo.com/new/Ecogreen_Template/css/imagehover.min.css]
[st.ourhtmldemo.com/new/Ecogreen_Template/css/player.css]
[st.ourhtmldemo.com/new/Ecogreen_Template/images/icons/preloader.gif]
[st.ourhtmldemo.com/new/Ecogreen_Template/images/resource/progress-bg.jpg]
[st.ourhtmldemo.com/new/Ecogreen_Template/images/resource/progress-bg2.jpg]
[st.ourhtmldemo.com/new/Ecogreen_Template/images/icons/icon-select.png]
[st.ourhtmldemo.com/new/Ecogreen_Template/css/style.css]
[st.ourhtmldemo.com/new/Ecogreen_Template/css/responsive.css]
[st.ourhtmldemo.com/new/Ecogreen_Template/index-2.html]
[st.ourhtmldemo.com/new/Ecogreen_Template/images/background/4.jpg]
[st.ourhtmldemo.com/new/Ecogreen_Template/service.html]
[st.ourhtmldemo.com/new/Ecogreen_Template/images/service/1.jpg]
[st.ourhtmldemo.com/new/Ecogreen_Template/images/service/2.jpg]
[st.ourhtmldemo.com/new/Ecogreen_Template/recycling.html]
[st.ourhtmldemo.com/new/Ecogreen_Template/Eco-System.html]
[st.ourhtmldemo.com/new/Ecogreen_Template/Save-Water.html]
[st.ourhtmldemo.com/new/Ecogreen_Template/Save-Animals.html]
[st.ourhtmldemo.com/new/Ecogreen_Template/Organic-Living.html]
[st.ourhtmldemo.com/new/Ecogreen_Template/Good-Nature.html]
[st.ourhtmldemo.com/new/Ecogreen_Template/images/team/t1.jpg]
[st.ourhtmldemo.com/new/Ecogreen_Template/images/team/t2.jpg]
[st.ourhtmldemo.com/new/Ecogreen_Template/images/team/t3.jpg]
[st.ourhtmldemo.com/new/Ecogreen_Template/images/team/t4.jpg]
[st.ourhtmldemo.com/new/Ecogreen_Template/images/background/9.jpg]
[st.ourhtmldemo.com/new/Ecogreen_Template/images/background/10.jpg]
[st.ourhtmldemo.com/new/Ecogreen_Template/about.html]
[st.ourhtmldemo.com/new/Ecogreen_Template/single-cause.html]
[st.ourhtmldemo.com/new/Ecogreen_Template/images/cause/1.jpg]
[st.ourhtmldemo.com/new/Ecogreen_Template/images/cause/2.jpg]
[st.ourhtmldemo.com/new/Ecogreen_Template/images/cause/3.jpg]
[st.ourhtmldemo.com/new/Ecogreen_Template/images/cause/4.jpg]
[st.ourhtmldemo.com/new/Ecogreen_Template/images/cause/5.jpg]
[st.ourhtmldemo.com/new/Ecogreen_Template/images/cause/6.jpg]
[st.ourhtmldemo.com/new/Ecogreen_Template/Campaign-Grid-View.html]
[st.ourhtmldemo.com/new/Ecogreen_Template/images/cause/7.jpg]
[st.ourhtmldemo.com/new/Ecogreen_Template/images/cause/8.jpg]
[st.ourhtmldemo.com/new/Ecogreen_Template/images/cause/9.jpg]
[st.ourhtmldemo.com/new/Ecogreen_Template/images/cause/10.jpg]
[st.ourhtmldemo.com/new/Ecogreen_Template/images/cause/11.jpg]
[st.ourhtmldemo.com/new/Ecogreen_Template/images/cause/12.jpg]
[st.ourhtmldemo.com/new/Ecogreen_Template/images/blog/thumb3.jpg]
[st.ourhtmldemo.com/new/Ecogreen_Template/images/blog/thumb4.jpg]
[st.ourhtmldemo.com/new/Ecogreen_Template/images/blog/thumb5.jpg]
[st.ourhtmldemo.com/new/Ecogreen_Template/images/resource/12.jpg]
[st.ourhtmldemo.com/new/Ecogreen_Template/images/blog/feedbg.jpg]
[st.ourhtmldemo.com/new/Ecogreen_Template/images/logo/1.jpg]
[st.ourhtmldemo.com/new/Ecogreen_Template/images/blog/p1.jpg]
[st.ourhtmldemo.com/new/Ecogreen_Template/Campaign-List-View.html]
[st.ourhtmldemo.com/new/Ecogreen_Template/images/event/1.jpg]
[st.ourhtmldemo.com/new/Ecogreen_Template/images/event/2.jpg]
[st.ourhtmldemo.com/new/Ecogreen_Template/images/event/3.jpg]
[st.ourhtmldemo.com/new/Ecogreen_Template/images/event/4.jpg]
[st.ourhtmldemo.com/new/Ecogreen_Template/images/event/5.jpg]
[st.ourhtmldemo.com/new/Ecogreen_Template/images/event/6.jpg]
[st.ourhtmldemo.com/new/Ecogreen_Template/Events.html]
[st.ourhtmldemo.com/new/Ecogreen_Template/testimonial.html]
[st.ourhtmldemo.com/new/Ecogreen_Template/faq.html]
[st.ourhtmldemo.com/new/Ecogreen_Template/images/resource/error.png]
[st.ourhtmldemo.com/new/Ecogreen_Template/error.html]
[st.ourhtmldemo.com/new/Ecogreen_Template/images/blog/5.jpg]
[st.ourhtmldemo.com/new/Ecogreen_Template/images/blog/6.jpg]
[st.ourhtmldemo.com/new/Ecogreen_Template/images/blog/7.jpg]
[st.ourhtmldemo.com/new/Ecogreen_Template/images/blog/8.jpg]
[st.ourhtmldemo.com/new/Ecogreen_Template/images/blog/9.jpg]
[st.ourhtmldemo.com/new/Ecogreen_Template/images/blog/10.jpg]
[st.ourhtmldemo.com/new/Ecogreen_Template/images/blog/11.jpg]
[st.ourhtmldemo.com/new/Ecogreen_Template/images/blog/12.jpg]
[st.ourhtmldemo.com/new/Ecogreen_Template/blog-1.html]
[st.ourhtmldemo.com/new/Ecogreen_Template/images/blog/l1.jpg]
[st.ourhtmldemo.com/new/Ecogreen_Template/images/blog/l2.jpg]
[st.ourhtmldemo.com/new/Ecogreen_Template/js/jquery-ui.js]
[st.ourhtmldemo.com/new/Ecogreen_Template/images/blog/l3.jpg]
[st.ourhtmldemo.com/new/Ecogreen_Template/images/blog/l4.jpg]
[st.ourhtmldemo.com/new/Ecogreen_Template/images/blog/i1.jpg]
[st.ourhtmldemo.com/new/Ecogreen_Template/images/blog/i2.jpg]
[st.ourhtmldemo.com/new/Ecogreen_Template/images/blog/i3.jpg]
[st.ourhtmldemo.com/new/Ecogreen_Template/images/blog/i4.jpg]
[st.ourhtmldemo.com/new/Ecogreen_Template/images/blog/i5.jpg]
[st.ourhtmldemo.com/new/Ecogreen_Template/images/blog/i6.jpg]
[st.ourhtmldemo.com/new/Ecogreen_Template/images/blog/i7.jpg]
[st.ourhtmldemo.com/new/Ecogreen_Template/images/blog/i8.jpg]
[st.ourhtmldemo.com/new/Ecogreen_Template/images/blog/i9.jpg]
[st.ourhtmldemo.com/new/Ecogreen_Template/blog-large.html]
[st.ourhtmldemo.com/new/Ecogreen_Template/images/blog/author.jpg]
[st.ourhtmldemo.com/new/Ecogreen_Template/images/blog/author2.jpg]
[st.ourhtmldemo.com/new/Ecogreen_Template/js/bootstrap-select.min.js]
[st.ourhtmldemo.com/new/Ecogreen_Template/images/blog/thumb6.jpg]
[st.ourhtmldemo.com/new/Ecogreen_Template/images/blog/thumb7.jpg]
[st.ourhtmldemo.com/new/Ecogreen_Template/blog-details.html]
[st.ourhtmldemo.com/new/Ecogreen_Template/images/project/5.jpg]
[st.ourhtmldemo.com/new/Ecogreen_Template/images/project/6.jpg]
[st.ourhtmldemo.com/new/Ecogreen_Template/images/project/7.jpg]
[st.ourhtmldemo.com/new/Ecogreen_Template/images/project/8.jpg]
[st.ourhtmldemo.com/new/Ecogreen_Template/images/project/9.jpg]
[st.ourhtmldemo.com/new/Ecogreen_Template/images/project/10.jpg]
[st.ourhtmldemo.com/new/Ecogreen_Template/images/project/11.jpg]
[st.ourhtmldemo.com/new/Ecogreen_Template/images/project/12.jpg]
[st.ourhtmldemo.com/new/Ecogreen_Template/gallery-1.html]
[st.ourhtmldemo.com/new/Ecogreen_Template/images/project/13.jpg]
[st.ourhtmldemo.com/new/Ecogreen_Template/images/project/14.jpg]
[st.ourhtmldemo.com/new/Ecogreen_Template/images/project/15.jpg]
[st.ourhtmldemo.com/new/Ecogreen_Template/images/project/16.jpg]
[st.ourhtmldemo.com/new/Ecogreen_Template/images/project/17.jpg]
[st.ourhtmldemo.com/new/Ecogreen_Template/images/project/20.jpg]
[st.ourhtmldemo.com/new/Ecogreen_Template/images/project/19.jpg]
[st.ourhtmldemo.com/new/Ecogreen_Template/images/project/18.jpg]
[st.ourhtmldemo.com/new/Ecogreen_Template/images/project/22.jpg]
[st.ourhtmldemo.com/new/Ecogreen_Template/images/project/23.jpg]
[st.ourhtmldemo.com/new/Ecogreen_Template/images/project/21.jpg]
[st.ourhtmldemo.com/new/Ecogreen_Template/gallery-3.html]
[st.ourhtmldemo.com/new/Ecogreen_Template/images/project/34.jpg]
[st.ourhtmldemo.com/new/Ecogreen_Template/images/project/35.jpg]
[st.ourhtmldemo.com/new/Ecogreen_Template/images/project/36.jpg]
[st.ourhtmldemo.com/new/Ecogreen_Template/single-gallery.html]
[st.ourhtmldemo.com/new/Ecogreen_Template/images/shop/11.jpg]
[st.ourhtmldemo.com/new/Ecogreen_Template/images/shop/12.jpg]
[st.ourhtmldemo.com/new/Ecogreen_Template/images/shop/13.jpg]
[st.ourhtmldemo.com/new/Ecogreen_Template/images/shop/1.jpg]
[st.ourhtmldemo.com/new/Ecogreen_Template/images/shop/2.jpg]
[st.ourhtmldemo.com/new/Ecogreen_Template/images/shop/3.jpg]
[st.ourhtmldemo.com/new/Ecogreen_Template/images/shop/4.jpg]
[st.ourhtmldemo.com/new/Ecogreen_Template/images/shop/5.jpg]
[st.ourhtmldemo.com/new/Ecogreen_Template/images/shop/6.jpg]
[st.ourhtmldemo.com/new/Ecogreen_Template/images/shop/7.jpg]
[st.ourhtmldemo.com/new/Ecogreen_Template/images/shop/8.jpg]
[st.ourhtmldemo.com/new/Ecogreen_Template/images/shop/9.jpg]
[st.ourhtmldemo.com/new/Ecogreen_Template/shop.html]
[st.ourhtmldemo.com/new/Ecogreen_Template/images/shop/10.jpg]
[st.ourhtmldemo.com/new/Ecogreen_Template/images/shop/thumb1.jpg]
[st.ourhtmldemo.com/new/Ecogreen_Template/images/shop/thumb2.jpg]
[st.ourhtmldemo.com/new/Ecogreen_Template/js/jquery.bootstrap-touchspin.js]
[st.ourhtmldemo.com/new/Ecogreen_Template/shop-single.html]
[st.ourhtmldemo.com/new/Ecogreen_Template/shop-cart.html]
[st.ourhtmldemo.com/new/Ecogreen_Template/checkout.html]
[st.ourhtmldemo.com/new/Ecogreen_Template/account.html]
[st.ourhtmldemo.com/new/Ecogreen_Template/images/resource/contact-form-right.png]
[st.ourhtmldemo.com/new/Ecogreen_Template/images/logo/map-marker.png]
[st.ourhtmldemo.com/new/Ecogreen_Template/js/gmap.js]
[st.ourhtmldemo.com/new/Ecogreen_Template/js/default-map.js]
[st.ourhtmldemo.com/new/Ecogreen_Template/contact.html]
[st.ourhtmldemo.com/new/Ecogreen_Template/cause.html]
[st.ourhtmldemo.com/new/Ecogreen_Template/3.html]
[st.ourhtmldemo.com/new/Ecogreen_Template/images/event/16.jpg]
[st.ourhtmldemo.com/new/Ecogreen_Template/images/event/t1.jpg]
[st.ourhtmldemo.com/new/Ecogreen_Template/images/event/t2.jpg]
[st.ourhtmldemo.com/new/Ecogreen_Template/images/event/t3.jpg]
[st.ourhtmldemo.com/new/Ecogreen_Template/images/event/t4.jpg]
[st.ourhtmldemo.com/new/Ecogreen_Template/images/event/b1.jpg]
[st.ourhtmldemo.com/new/Ecogreen_Template/images/event/b2.jpg]
[st.ourhtmldemo.com/new/Ecogreen_Template/images/event/b3.jpg]
[st.ourhtmldemo.com/new/Ecogreen_Template/images/event/b4.jpg]
[st.ourhtmldemo.com/new/Ecogreen_Template/js/jquery.countdown.min.js]
[st.ourhtmldemo.com/new/Ecogreen_Template/single-event.html]
[st.ourhtmldemo.com/new/Ecogreen_Template/Good-Nature-2.html]
[st.ourhtmldemo.com/new/Ecogreen_Template/testimonial-2.html]
[st.ourhtmldemo.com/new/Ecogreen_Template/js/SmoothScroll.js]
[st.ourhtmldemo.com/new/Ecogreen_Template/fonts/glyphicons-halflings-regular.eot]
[st.ourhtmldemo.com/new/Ecogreen_Template/fonts/glyphicons-halflings-regular.woff2]
[st.ourhtmldemo.com/new/Ecogreen_Template/fonts/glyphicons-halflings-regular.woff]
[st.ourhtmldemo.com/new/Ecogreen_Template/css/bootstrap.min.css]
[st.ourhtmldemo.com/new/Ecogreen_Template/fonts/glyphicons-halflings-regular.svg]
[st.ourhtmldemo.com/new/Ecogreen_Template/css/bootstrap-select.min.css]
[st.ourhtmldemo.com/new/Ecogreen_Template/css/jquery.bootstrap-touchspin.css]
[st.ourhtmldemo.com/new/Ecogreen_Template/fonts/glyphicons-halflings-regulard41d.eot]
[st.ourhtmldemo.com/new/Ecogreen_Template/fonts/glyphicons-halflings-regular.ttf]
[st.ourhtmldemo.com/new/Ecogreen_Template/fonts/fontawesome-webfont3295.woff2]
[st.ourhtmldemo.com/new/Ecogreen_Template/fonts/fontawesome-webfont3295.woff]
[st.ourhtmldemo.com/new/Ecogreen_Template/fonts/fontawesome-webfont3295.eot]
[st.ourhtmldemo.com/new/Ecogreen_Template/fonts/fontawesome-webfontd41d.eot]
[st.ourhtmldemo.com/new/Ecogreen_Template/css/font-awesome.css]
[st.ourhtmldemo.com/new/Ecogreen_Template/fonts/fontawesome-webfont3295.svg]
[st.ourhtmldemo.com/new/Ecogreen_Template/fonts/icomoon886f.eot]
[st.ourhtmldemo.com/new/Ecogreen_Template/fonts/icomoon886f.ttf]
[st.ourhtmldemo.com/new/Ecogreen_Template/fonts/icomoon886f.woff]
[st.ourhtmldemo.com/new/Ecogreen_Template/fonts/icomoon886f.svg]
[st.ourhtmldemo.com/new/Ecogreen_Template/css/icomoon.css]
[st.ourhtmldemo.com/new/Ecogreen_Template/fonts/revicons90c6.eot]
[st.ourhtmldemo.com/new/Ecogreen_Template/fonts/revicons90c6.woff]
[st.ourhtmldemo.com/new/Ecogreen_Template/fonts/revicons90c6.svg]
[st.ourhtmldemo.com/new/Ecogreen_Template/fonts/revicons90c6.ttf]
[st.ourhtmldemo.com/new/Ecogreen_Template/fonts/fontawesome-webfont3295.ttf]
[st.ourhtmldemo.com/new/Ecogreen_Template/css/settings.css]
[st.ourhtmldemo.com/new/Ecogreen_Template/css/layers.css]
[st.ourhtmldemo.com/new/Ecogreen_Template/css/navigation.css]
[st.ourhtmldemo.com/new/Ecogreen_Template/css/owl.carousel.css]
[st.ourhtmldemo.com/new/Ecogreen_Template/css/jquery.bxslider.css]
[st.ourhtmldemo.com/new/Ecogreen_Template/css/flexslider.css]
[st.ourhtmldemo.com/new/Ecogreen_Template/css/jquery-ui.css]
[st.ourhtmldemo.com/new/Ecogreen_Template/css/jquery-ui.theme.css]
[st.ourhtmldemo.com/new/Ecogreen_Template/images/fancybox/fancybox_sprite.png]
[st.ourhtmldemo.com/new/Ecogreen_Template/images/fancybox/fancybox_loading.gif]
[st.ourhtmldemo.com/new/Ecogreen_Template/images/fancybox/blank.gif]
[st.ourhtmldemo.com/new/Ecogreen_Template/images/fancybox/fancybox_overlay.png]
[st.ourhtmldemo.com/new/Ecogreen_Template/images/fancybox/fancybox_sprite@2x.png]
[st.ourhtmldemo.com/new/Ecogreen_Template/images/fancybox/fancybox_loading@2x.gif]
[st.ourhtmldemo.com/new/Ecogreen_Template/css/jquery.fancybox.css]
[st.ourhtmldemo.com/new/Ecogreen_Template/css/polyglot-language-switcher.css]
[st.ourhtmldemo.com/new/Ecogreen_Template/css/animate.min.css]
[st.ourhtmldemo.com/new/Ecogreen_Template/css/nouislider.css]
[st.ourhtmldemo.com/new/Ecogreen_Template/css/nouislider.pips.css]
[st.ourhtmldemo.com/new/Ecogreen_Template/css/menu.css]
[st.ourhtmldemo.com/new/Ecogreen_Template/css/magnific-popup.css]
[st.ourhtmldemo.com/new/Ecogreen_Template/css/imagehover.min.css]
[st.ourhtmldemo.com/new/Ecogreen_Template/css/player.css]
[st.ourhtmldemo.com/new/Ecogreen_Template/images/cause/18.jpg]
[st.ourhtmldemo.com/new/Ecogreen_Template/images/cause/19.jpg]
[st.ourhtmldemo.com/new/Ecogreen_Template/images/cause/t1.jpg]
[st.ourhtmldemo.com/new/Ecogreen_Template/images/cause/t2.jpg]
[st.ourhtmldemo.com/new/Ecogreen_Template/images/cause/t3.jpg]
[st.ourhtmldemo.com/new/Ecogreen_Template/images/cause/t4.jpg]
[st.ourhtmldemo.com/new/Ecogreen_Template/single-cause.html]
[st.ourhtmldemo.com/new/Ecogreen_Template/checkout-2.html]
[st.ourhtmldemo.com/new/Ecogreen_Template/event-1.html]
[st.ourhtmldemo.com/new/Ecogreen_Template/fonts/glyphicons-halflings-regular.svg]
[st.ourhtmldemo.com/new/Ecogreen_Template/fonts/fontawesome-webfont3295.svg]
[st.ourhtmldemo.com/new/Ecogreen_Template/fonts/icomoon886f.svg]
[st.ourhtmldemo.com/new/Ecogreen_Template/fonts/revicons90c6.svg]
[st.ourhtmldemo.com/new/Ecogreen_Template/css/openhand.html]
[st.ourhtmldemo.com/new/Ecogreen_Template/css/closedhand.html]
[st.ourhtmldemo.com/new/Ecogreen_Template/assets/gridtile.html]
[st.ourhtmldemo.com/new/Ecogreen_Template/assets/gridtile_white.html]
[st.ourhtmldemo.com/new/Ecogreen_Template/assets/gridtile_3x3.html]
[st.ourhtmldemo.com/new/Ecogreen_Template/assets/gridtile_3x3_white.html]
[st.ourhtmldemo.com/new/Ecogreen_Template/assets/coloredbg.html]
[st.ourhtmldemo.com/new/Ecogreen_Template/assets/loader.html]
[st.ourhtmldemo.com/new/Ecogreen_Template/css/owl.video.play.html]
[st.ourhtmldemo.com/new/Ecogreen_Template/css/images/controls.html]
[st.ourhtmldemo.com/new/Ecogreen_Template/fonts/webfont/flexslider-icon.html]
[st.ourhtmldemo.com/new/Ecogreen_Template/fonts/webfonts/flexslider-icond41d.html]
[st.ourhtmldemo.com/new/Ecogreen_Template/fonts/webfonts/flexslider-icon.html]
[st.ourhtmldemo.com/new/Ecogreen_Template/fonts/webfonts/flexslider-icon-2.html]
[st.ourhtmldemo.com/new/Ecogreen_Template/fonts/webfonts/flexslider-icon-3.html]
[st.ourhtmldemo.com/new/Ecogreen_Template/css/images/ui-bg_highlight-soft_75_cccccc_1x100.html]
[st.ourhtmldemo.com/new/Ecogreen_Template/css/images/ui-bg_glass_75_e6e6e6_1x400.html]
[st.ourhtmldemo.com/new/Ecogreen_Template/css/images/ui-bg_glass_75_dadada_1x400.html]
[st.ourhtmldemo.com/new/Ecogreen_Template/css/images/ui-bg_glass_65_ffffff_1x400.html]
[st.ourhtmldemo.com/new/Ecogreen_Template/css/images/ui-bg_glass_55_fbf9ee_1x400.html]
[st.ourhtmldemo.com/new/Ecogreen_Template/css/images/ui-bg_glass_95_fef1ec_1x400.html]
[st.ourhtmldemo.com/new/Ecogreen_Template/css/images/ui-icons_222222_256x240.html]
[st.ourhtmldemo.com/new/Ecogreen_Template/css/images/ui-icons_888888_256x240.html]
[st.ourhtmldemo.com/new/Ecogreen_Template/css/images/ui-icons_454545_256x240.html]
[st.ourhtmldemo.com/new/Ecogreen_Template/css/images/ui-icons_2e83ff_256x240.html]
[st.ourhtmldemo.com/new/Ecogreen_Template/css/images/ui-icons_cd0a0a_256x240.html]
[st.ourhtmldemo.com/new/Ecogreen_Template/images/flags/gb.html]
[st.ourhtmldemo.com/new/Ecogreen_Template/images/flags/fr.html]
[st.ourhtmldemo.com/new/Ecogreen_Template/images/flags/de.html]
[st.ourhtmldemo.com/new/Ecogreen_Template/images/flags/it.html]
[st.ourhtmldemo.com/new/Ecogreen_Template/images/flags/es.html]
